Vercel CLI 56.5.0 (Node.js 24.18.0)
Installing dependencies...

up to date in 10s

17 packages are looking for funding
  run `npm fund` for details
npm warn allow-scripts 2 packages have install scripts not yet covered by allowScripts:
npm warn allow-scripts   core-js@3.49.0 (install: (install scripts present))
npm warn allow-scripts   esbuild@0.25.12 (install: (install scripts present))
npm warn allow-scripts
npm warn allow-scripts Run `npm approve-scripts --allow-scripts-pending` to review, or `npm approve-scripts <pkg>` to allow.
Running "npm run build"

> tos-display-manager@0.6.3 build
> vite build

vite v6.4.3 building for production...
transforming...
✓ 2157 modules transformed.
rendering chunks...
[plugin vite:reporter] 
(!) C:/Users/sim-0/OneDrive/Documents/GitHub/tos-display-manager/tos-display-manager-stable/src/services/photoAccessService.js is dynamically imported by C:/Users/sim-0/OneDrive/Documents/GitHub/tos-display-manager/tos-display-manager-stable/src/lib/utils.js, C:/Users/sim-0/OneDrive/Documents/GitHub/tos-display-manager/tos-display-manager-stable/src/services/finalReportService.js but also statically imported by C:/Users/sim-0/OneDrive/Documents/GitHub/tos-display-manager/tos-display-manager-stable/src/components/ClientPortal.jsx, C:/Users/sim-0/OneDrive/Documents/GitHub/tos-display-manager/tos-display-manager-stable/src/components/ExportsCenter.jsx, C:/Users/sim-0/OneDrive/Documents/GitHub/tos-display-manager/tos-display-manager-stable/src/components/PhotoFolderGallery.jsx, C:/Users/sim-0/OneDrive/Documents/GitHub/tos-display-manager/tos-display-manager-stable/src/components/PhotoImage.jsx, C:/Users/sim-0/OneDrive/Documents/GitHub/tos-display-manager/tos-display-manager-stable/src/main.jsx, C:/Users/sim-0/OneDrive/Documents/GitHub/tos-display-manager/tos-display-manager-stable/src/services/clientAccessAdminService.js, C:/Users/sim-0/OneDrive/Documents/GitHub/tos-display-manager/tos-display-manager-stable/src/services/clientPortalService.js, C:/Users/sim-0/OneDrive/Documents/GitHub/tos-display-manager/tos-display-manager-stable/src/services/photoLibraryService.js, C:/Users/sim-0/OneDrive/Documents/GitHub/tos-display-manager/tos-display-manager-stable/src/services/photoReviewService.js, dynamic import will not move module into another chunk.

computing gzip size...
dist/index.html                                             0.43 kB │ gzip:   0.29 kB
dist/assets/ClientPortal-D6T1Cc8X.css                       1.51 kB │ gzip:   0.52 kB
dist/assets/ProductionLogin-DCOAq7jp.css                    1.58 kB │ gzip:   0.65 kB
dist/assets/TerrainApp-D54cZFaz.css                         2.17 kB │ gzip:   0.82 kB
dist/assets/ClientsAccessAdmin-rcQ3aPer.css                 3.25 kB │ gzip:   1.05 kB
dist/assets/PhotoInventoryCenter-BmsbVuwS.css               3.70 kB │ gzip:   1.17 kB
dist/assets/FieldCatalogManager-DwV1rNJf.css               18.42 kB │ gzip:   2.99 kB
dist/assets/index-a513Wu-L.css                            146.05 kB │ gzip:  30.13 kB
dist/assets/journal_des_evenements-CN6cYbRC.js              0.18 kB │ gzip:   0.16 kB
dist/assets/clients-DHBMi4ti.js                             0.18 kB │ gzip:   0.16 kB
dist/assets/bons_de_travail-wVzNO3Ka.js                     0.22 kB │ gzip:   0.20 kB
dist/assets/historique_des_campagnes-k4XW2tf9.js            0.22 kB │ gzip:   0.18 kB
dist/assets/photos-F0SjH7G_.js                              0.28 kB │ gzip:   0.23 kB
dist/assets/utilisateurs-CseQFqww.js                        0.29 kB │ gzip:   0.21 kB
dist/assets/play-CVOJsWvY.js                                0.30 kB │ gzip:   0.25 kB
dist/assets/plus-M1o-vthQ.js                                0.32 kB │ gzip:   0.25 kB
dist/assets/filter-CrhITvKi.js                              0.33 kB │ gzip:   0.26 kB
dist/assets/suivi_des_edt-Dd8ZXU_A.js                       0.34 kB │ gzip:   0.25 kB
dist/assets/circle-x-CpC8MkQz.js                            0.37 kB │ gzip:   0.28 kB
dist/assets/mail-Bi0_wT5Q.js                                0.38 kB │ gzip:   0.30 kB
dist/assets/settings-2-SiLJVaf8.js                          0.42 kB │ gzip:   0.29 kB
dist/assets/cloud-upload-CGXBS3vq.js                        0.42 kB │ gzip:   0.31 kB
dist/assets/external-link-DOTrSIc_.js                       0.42 kB │ gzip:   0.30 kB
dist/assets/eye-BwN3zrLZ.js                                 0.42 kB │ gzip:   0.30 kB
dist/assets/user-check-DOtvbic6.js                          0.42 kB │ gzip:   0.32 kB
dist/assets/archive-Da2bBpMI.js                             0.42 kB │ gzip:   0.31 kB
dist/assets/shield-0cj-xMB9.js                              0.44 kB │ gzip:   0.32 kB
dist/assets/pencil-Bu3ihGz1.js                              0.45 kB │ gzip:   0.32 kB
dist/assets/send-BqXnMPjl.js                                0.46 kB │ gzip:   0.33 kB
dist/assets/user-plus-CpPCTTRd.js                           0.48 kB │ gzip:   0.33 kB
dist/assets/supportNavigationContext-VhUhywx7.js            0.69 kB │ gzip:   0.29 kB
dist/assets/schemaService-Bt2zcMSU.js                       1.25 kB │ gzip:   0.58 kB
dist/assets/ValidationCenter-BNn0EX-X.js                    1.45 kB │ gzip:   0.75 kB
dist/assets/userProvisioningService-DwWo6I_9.js             1.65 kB │ gzip:   0.79 kB
dist/assets/ProductionLogin-Dv7lTt-7.js                     1.84 kB │ gzip:   0.86 kB
dist/assets/formDraft-CJxO9e8j.js                           2.20 kB │ gzip:   1.00 kB
dist/assets/UnifiedDataGrid-CCub-38K.js                     2.31 kB │ gzip:   0.94 kB
dist/assets/LegacyPhotoImporter-ClSYEys9.js                 2.41 kB │ gzip:   1.25 kB
dist/assets/ActivityJournal-ChnaWdcB.js                     3.37 kB │ gzip:   1.31 kB
dist/assets/InstallerTerrainShell-ONjeRhqR.js               3.44 kB │ gzip:   1.37 kB
dist/assets/RoleVisibilityAdmin-Cpd319Or.js                 4.31 kB │ gzip:   1.71 kB
dist/assets/campaignVisualService-DXUF4V5N.js               4.33 kB │ gzip:   1.84 kB
dist/assets/TerrainSyncDiagnostics-CkpIlUWE.js              4.65 kB │ gzip:   1.83 kB
dist/assets/ExportsCenter-0MZymI4w.js                       5.28 kB │ gzip:   2.23 kB
dist/assets/c_i_avec_enjeux-AZoxnaE7.js                     6.09 kB │ gzip:   0.98 kB
dist/assets/FinalReportsCenter-DstMP2Xh.js                  6.51 kB │ gzip:   2.41 kB
dist/assets/activityLogService-de706TVX.js                  7.40 kB │ gzip:   2.77 kB
dist/assets/CampaignVisualManager-HIFmsK4z.js               7.61 kB │ gzip:   2.51 kB
dist/assets/CampaignsPanel-BVMj3x7L.js                      7.64 kB │ gzip:   2.77 kB
dist/assets/UserProvisioningPanel-yhcfzFsd.js               7.70 kB │ gzip:   2.67 kB
dist/assets/reportDataService-CTN_ZJdA.js                   9.21 kB │ gzip:   3.49 kB
dist/assets/WorkOrdersPanel-DMnpD96T.js                     9.33 kB │ gzip:   3.12 kB
dist/assets/AdminPanel-DB0crPX3.js                          9.92 kB │ gzip:   2.98 kB
dist/assets/finalReportService-nRjb0Wt-.js                 11.53 kB │ gzip:   4.54 kB
dist/assets/ClientsAccessAdmin-MlVaYk00.js                 12.94 kB │ gzip:   4.50 kB
dist/assets/Module14Dashboard-DkDVJbwP.js                  13.38 kB │ gzip:   4.46 kB
dist/assets/TerrainApp-BhE5Nv7F.js                         14.98 kB │ gzip:   4.94 kB
dist/assets/Module15Reports-Dof2aIvb.js                    15.09 kB │ gzip:   4.98 kB
dist/assets/SiteSupportAssignmentsView-DraBnVcl.js         18.50 kB │ gzip:   6.81 kB
dist/assets/ClientPortal-PPaQWzQH.js                       25.77 kB │ gzip:   8.87 kB
dist/assets/purify.es-Jn2rvFN8.js                          28.91 kB │ gzip:  10.90 kB
dist/assets/communications_operationnelles-BxdEyNfM.js     31.95 kB │ gzip:   1.98 kB
dist/assets/centres_dinformation-D0PlJtBY.js               31.97 kB │ gzip:   1.87 kB
dist/assets/PhotoInventoryCenter-BhbZwHoW.js               38.43 kB │ gzip:  12.63 kB
dist/assets/enjeux_des_cadres_et_supports-DCZ7eGgo.js      41.35 kB │ gzip:   3.68 kB
dist/assets/OperationsCenter-D6DxKWZc.js                   49.78 kB │ gzip:  12.91 kB
dist/assets/AutomationAssistant-B-WNMCYO.js                65.12 kB │ gzip:  16.24 kB
dist/assets/voitures_trains-vDXTsTq6.js                    65.24 kB │ gzip:   4.14 kB
dist/assets/repertoire_des_affiches-DzewKAaw.js           118.43 kB │ gzip:   5.96 kB
dist/assets/FieldCatalogManager-xY_hsQVZ.js               128.22 kB │ gzip:  32.48 kB
dist/assets/index.es-DLZWJsrs.js                          159.64 kB │ gzip:  53.54 kB
dist/assets/InteractiveMap-Dfw8pBt5.js                    168.59 kB │ gzip:  49.31 kB
dist/assets/html2canvas.esm-QH1iLAAe.js                   202.38 kB │ gzip:  48.04 kB
dist/assets/jspdf.es.min-yBKhpb5c.js                      390.79 kB │ gzip: 128.83 kB
dist/assets/xlsx-CkFp8p6R.js                              429.53 kB │ gzip: 143.08 kB
dist/assets/index-DnMy0zq5.js                             635.00 kB │ gzip: 186.81 kB
dist/assets/exceljs.min-rfcg_UB1.js                       939.98 kB │ gzip: 271.21 kB
dist/assets/liste_des_arrets-Dw9VFMc0.js                1,645.90 kB │ gzip:  69.17 kB
dist/assets/infrastructures-BSg2vF3-.js                 6,084.07 kB │ gzip: 158.01 kB

(!) Some chunks are larger than 500 kB after minification. Consider:
- Using dynamic import() to code-split the application
- Use build.rollupOptions.output.manualChunks to improve chunking: https://rollupjs.org/configuration-options/#output-manualchunks
- Adjust chunk size limit for this warning via build.chunkSizeWarningLimit.
✓ built in 17.97s
{
  "status": "ok",
  "outputDir": "C:\\Users\\sim-0\\OneDrive\\Documents\\GitHub\\tos-display-manager\\tos-display-manager-stable\\.vercel\\output",
  "outputDirRelative": ".vercel\\output",
  "target": "production",
  "message": "Build completed successfully.",
  "next": [
    {
      "command": "vercel deploy",
      "when": "Deploy the build output"
    }
  ]
}
╭─────────────────────────────────────────────────────╮
│                                                     │
│   A newer version of Vercel CLI may be available.   │
│        Run `npm i vercel@latest` to update.         │
│                                                     │
╰─────────────────────────────────────────────────────╯
